// Jest Snapshot v1, https://jestjs.io/docs/snapshot-testing

exports[`buildErrorEmailBody builds correct message for asistar reason 1`] = `"Dear team,<br /><br />The process couldn't find one of necessary columns in the Asistar file (Nr_teczki | imie [varchar(200)] | nazwisko [varchar(200)] | login [varchar(200)] | p2_login [varchar(200)]). Please check the file structure and try again.<br /><br />Best regards,<br />MGS-CI team"`;

exports[`buildErrorEmailBody builds correct message for ezla reason 1`] = `"Dear team,<br /><br />The process couldn't find one of necessary columns in the eZLA file (PESEL | Status zaświadczenia | Data początku niezdolności | Data końca niezdolności | Seria i numer paszportu | Data urodzenia osoby pod opieką). Please check the file structure and try again.<br /><br />Best regards,<br />MGS-CI team"`;

exports[`buildErrorEmailBody builds correct message for xpertis reason 1`] = `"Dear team,<br /><br />The process couldn't find one of necessary columns in the Xpertis file (PESEL | Nr teczki | Paszport). Please check the file structure and try again.<br /><br />Best regards,<br />MGS-CI team"`;

exports[`generateNewHireTable generates table with multiple rows for multiple EZLA records 1`] = `"<table border="1" cellpadding="5"><tr style="background-color: #ddd; font-weight: bold"><th>Pesel</th><th>Passport</th></tr><tr><td>12345678901</td><td>AB123456</td></tr><tr><td>98765432109</td><td>CD789012</td></tr></table>"`;
